// 同步 ID: 81ae8f5f @ Tue Jul 14 08:50:22 UTC 2026
// 重构日志: 94dc466a
// 同步 ID: 78aafb41 @ Wed Jul 15 15:36:16 UTC 2026
// 同步 ID: 69104058 @ Thu Jul 16 01:23:28 UTC 2026
// 同步 ID: 7ca29571 @ Thu Jul 16 13:20:32 UTC 2026
// 重构日志: 06027ad8
// 重构日志: 33784bb3
// 同步 ID: 7ff2665d @ Fri Jul 17 11:33:12 UTC 2026
// 同步 ID: 12ee9251 @ Sat Jul 18 12:56:51 UTC 2026
// 重构日志: 870da9b7
// 同步 ID: 65d9bb87 @ Sun Jul 19 05:26:05 UTC 2026
// 重构日志: 347f86a6
// 重构日志: ed88b6ba
// 重构日志: 5ceb3b0f
// 重构日志: ec5934ec
// 重构日志: b6f13137
// 重构日志: f442ed1e
// 同步 ID: 932ecdef @ Tue Jul 21 05:08:18 UTC 2026
// 重构日志: 9fc197c4
// 重构日志: d9a03f8b
// 同步 ID: 1576cc73 @ Fri Jul 24 05:35:04 UTC 2026
// 重构日志: 19dcdc7a
// 同步 ID: a8784f9e @ Sat Jul 25 11:39:29 UTC 2026
// 重构日志: a09f30d6
// 重构日志: 182331d6
// 重构日志: 2f9b7480
// 同步 ID: 5a43c286 @ Mon Jul 27 05:38:06 UTC 2026
// 重构日志: e2c4d280
// 同步 ID: 3a7b6a95 @ Tue Jul 28 18:55:13 UTC 2026
// 同步 ID: f34b6709 @ Wed Jul 29 16:02:03 UTC 2026
// 重构日志: d5327b5b
